// Jest Snapshot v1, https://goo.gl/fbAQLP

exports[`renders correctly 1`] = `
<View>
  <Text
    style={
      Object {
        "alignSelf": "stretch",
        "color": "#0077C8",
        "fontSize": 20,
        "fontWeight": "bold",
        "marginBottom": 3,
        "marginTop": 6,
        "textAlign": "left",
      }
    }
  >
    "I don't want to talk or think about what happened."
  </Text>
  <Text
    style={
      Object {
        "fontSize": 14,
        "fontWeight": "bold",
        "marginLeft": 10,
        "marginVertical": 2,
        "textAlign": "left",
      }
    }
  >
    Why it happens:
  </Text>
  <Text
    style={
      Object {
        "fontSize": 14,
        "marginVertical": 2,
        "textAlign": "left",
      }
    }
  >
    Everyone needs to take a break sometimes from thinking about or talking about a scary experience or traumatic event.
  </Text>
  <Text
    style={
      Object {
        "fontSize": 14,
        "fontWeight": "bold",
        "marginLeft": 10,
        "marginVertical": 2,
        "textAlign": "left",
      }
    }
  >
    Is this a problem?:
  </Text>
  <Text
    style={
      Object {
        "fontSize": 14,
        "marginVertical": 2,
        "textAlign": "left",
      }
    }
  >
    Do you never want to think or talk about it with anyone, or does talking about it make you feel very upset?
  </Text>
  <Text
    style={
      Object {
        "alignSelf": "stretch",
        "color": "#0077C8",
        "fontSize": 20,
        "fontWeight": "bold",
        "marginBottom": 3,
        "marginTop": 6,
        "textAlign": "left",
      }
    }
  >
    "I want to stay away from people, places, or things that are reminders of what happened."
  </Text>
  <Text
    style={
      Object {
        "fontSize": 14,
        "fontWeight": "bold",
        "marginLeft": 10,
        "marginVertical": 2,
        "textAlign": "left",
      }
    }
  >
    Why it happens:
  </Text>
  <Text
    style={
      Object {
        "fontSize": 14,
        "marginVertical": 2,
        "textAlign": "left",
      }
    }
  >
    After something scary happens, reminders of what happened can make us feel very anxious, and we might start to avoid those things.
  </Text>
  <Text
    style={
      Object {
        "fontSize": 14,
        "fontWeight": "bold",
        "marginLeft": 10,
        "marginVertical": 2,
        "textAlign": "left",
      }
    }
  >
    Is this a problem?:
  </Text>
  <Text
    style={
      Object {
        "fontSize": 14,
        "marginVertical": 2,
        "textAlign": "left",
      }
    }
  >
    Is avoiding reminders stopping you from doing things you think you should be able to do, or from enjoying activities even if you force yourself to do them?
  </Text>
  <Text
    style={
      Object {
        "alignSelf": "stretch",
        "color": "#0077C8",
        "fontSize": 20,
        "fontWeight": "bold",
        "marginBottom": 3,
        "marginTop": 6,
        "textAlign": "left",
      }
    }
  >
    "I have lost interest in activities I usually enjoy, since the injury."
  </Text>
  <Text
    style={
      Object {
        "fontSize": 14,
        "fontWeight": "bold",
        "marginLeft": 10,
        "marginVertical": 2,
        "textAlign": "left",
      }
    }
  >
    Why it happens:
  </Text>
  <Text
    style={
      Object {
        "fontSize": 14,
        "marginVertical": 2,
        "textAlign": "left",
      }
    }
  >
    One way we cope with overwhelming scary experiences is to "shut down" our emotions for a while.
  </Text>
  <Text
    style={
      Object {
        "fontSize": 14,
        "fontWeight": "bold",
        "marginLeft": 10,
        "marginVertical": 2,
        "textAlign": "left",
      }
    }
  >
    Is this a problem?:
  </Text>
  <Text
    style={
      Object {
        "fontSize": 14,
        "marginVertical": 2,
        "textAlign": "left",
      }
    }
  >
    Are there lots of thing you used to enjoy that you just don't feel like dong now? Are you feeling emotionally "numb" much of the time?
  </Text>
  <Text
    style={
      Object {
        "alignSelf": "stretch",
        "color": "#0077C8",
        "fontSize": 20,
        "fontWeight": "bold",
        "marginBottom": 3,
        "marginTop": 6,
        "textAlign": "left",
      }
    }
  >
    "I just don't feel like being with people, since the injury."
  </Text>
  <Text
    style={
      Object {
        "fontSize": 14,
        "fontWeight": "bold",
        "marginLeft": 10,
        "marginVertical": 2,
        "textAlign": "left",
      }
    }
  >
    Why it happens:
  </Text>
  <Text
    style={
      Object {
        "fontSize": 14,
        "marginVertical": 2,
        "textAlign": "left",
      }
    }
  >
    One way we cope with overwhelming scary experiences is to "shut down" our emotions and not feel close to other people for a while.
  </Text>
  <Text
    style={
      Object {
        "fontSize": 14,
        "fontWeight": "bold",
        "marginLeft": 10,
        "marginVertical": 2,
        "textAlign": "left",
      }
    }
  >
    Is this a problem?:
  </Text>
  <Text
    style={
      Object {
        "fontSize": 14,
        "marginVertical": 2,
        "textAlign": "left",
      }
    }
  >
    Are you having a really hard time feeling relaxed and close to friends and family you usually trust and like to spend time with?
  </Text>
</View>
`;
