// Jest Snapshot v1, https://goo.gl/fbAQLP

exports[`renders correctly 1`] = `
<View>
  <Text
    style={
      Object {
        "alignSelf": "stretch",
        "color": "#0077C8",
        "fontSize": 20,
        "fontWeight": "bold",
        "marginBottom": 3,
        "marginTop": 6,
        "textAlign": "left",
      }
    }
  >
    "I think a lot about what happened to my child."
  </Text>
  <Text
    style={
      Object {
        "fontSize": 14,
        "fontWeight": "bold",
        "marginLeft": 10,
        "marginVertical": 2,
        "textAlign": "left",
      }
    }
  >
    Why it happens:
  </Text>
  <Text
    style={
      Object {
        "fontSize": 14,
        "marginVertical": 2,
        "textAlign": "left",
      }
    }
  >
    Thinking and talking about what happened, especially in the first few days and weeks, is part of how we help ourselves recover from a scary experience or traumatic event.
  </Text>
  <Text
    style={
      Object {
        "fontSize": 14,
        "fontWeight": "bold",
        "marginLeft": 10,
        "marginVertical": 2,
        "textAlign": "left",
      }
    }
  >
    Is this a problem?:
  </Text>
  <Text
    style={
      Object {
        "fontSize": 14,
        "marginVertical": 2,
        "textAlign": "left",
      }
    }
  >
    Do thoughts about the traumatic event often pop into your mind even when you don't want them to? Do the thoughts bother or upset you?
  </Text>
  <Text
    style={
      Object {
        "alignSelf": "stretch",
        "color": "#0077C8",
        "fontSize": 20,
        "fontWeight": "bold",
        "marginBottom": 3,
        "marginTop": 6,
        "textAlign": "left",
      }
    }
  >
    "I have had bad dreams or nightmares since the injury."
  </Text>
  <Text
    style={
      Object {
        "fontSize": 14,
        "fontWeight": "bold",
        "marginLeft": 10,
        "marginVertical": 2,
        "textAlign": "left",
      }
    }
  >
    Why it happens:
  </Text>
  <Text
    style={
      Object {
        "fontSize": 14,
        "marginVertical": 2,
        "textAlign": "left",
      }
    }
  >
    In a stressful time, it's not unusual to have a few bad dreams.
  </Text>
  <Text
    style={
      Object {
        "fontSize": 14,
        "fontWeight": "bold",
        "marginLeft": 10,
        "marginVertical": 2,
        "textAlign": "left",
      }
    }
  >
    Is this a problem?:
  </Text>
  <Text
    style={
      Object {
        "fontSize": 14,
        "marginVertical": 2,
        "textAlign": "left",
      }
    }
  >
    Are the nightmares interfering with getting a good night's sleep?
  </Text>
  <Text
    style={
      Object {
        "alignSelf": "stretch",
        "color": "#0077C8",
        "fontSize": 20,
        "fontWeight": "bold",
        "marginBottom": 3,
        "marginTop": 6,
        "textAlign": "left",
      }
    }
  >
    "I get upset or have physical symptoms (headache, stomachache, heart beating fast) at reminders of what happened."
  </Text>
  <Text
    style={
      Object {
        "fontSize": 14,
        "fontWeight": "bold",
        "marginLeft": 10,
        "marginVertical": 2,
        "textAlign": "left",
      }
    }
  >
    Why it happens:
  </Text>
  <Text
    style={
      Object {
        "fontSize": 14,
        "marginVertical": 2,
        "textAlign": "left",
      }
    }
  >
    When something scary happens, we learn to treat things connected to it as if they were danger signals. Sights, sounds, and even smells can be reminders.
  </Text>
  <Text
    style={
      Object {
        "fontSize": 14,
        "fontWeight": "bold",
        "marginLeft": 10,
        "marginVertical": 2,
        "textAlign": "left",
      }
    }
  >
    Is this a problem?:
  </Text>
  <Text
    style={
      Object {
        "fontSize": 14,
        "marginVertical": 2,
        "textAlign": "left",
      }
    }
  >
    Do these feelings happen nearly every day? Do they make it hard for you to relax, or to concentrate on things you have to do at home or at work?
  </Text>
</View>
`;
